<html>
<body>
<pre>
<h1>礦ision Build Log</h1>
<h2>Tool Versions:</h2>
IDE-Version: μVision V5.30.0.0
Copyright (C) 2020 ARM Ltd and ARM Germany GmbH. All rights reserved.
License Information:  ,  , LIC=65ISZ-J96FH-QD2KD-8ASLI-WHZE1-CS8PS
 
Tool Versions:
Toolchain:       MDK-ARM Plus  Version: 5.30.0.0
Toolchain Path:  E:\Keil_v5\ARM\ARMCC\Bin
C Compiler:      Armcc.exe V5.06 update 6 (build 750)
Assembler:       Armasm.exe V5.06 update 6 (build 750)
Linker/Locator:  ArmLink.exe V5.06 update 6 (build 750)
Library Manager: ArmAr.exe V5.06 update 6 (build 750)
Hex Converter:   FromElf.exe V5.06 update 6 (build 750)
CPU DLL:         SARMCM3.DLL V5.30.0.0
Dialog DLL:      DCM.DLL V1.17.3.0
Target DLL:      CMSIS_AGDI.dll V1.32.5.0
Dialog DLL:      TCM.DLL V1.42.0.0
 
<h2>Project:</h2>
E:\Desktop\立创EDA & 涂鸦智能 第二期实战训练营\Project\STM32\Project\RVMDK（uv5）\BH-STM32.uvprojx
Project File Date:  02/06/2021

<h2>Output:</h2>
*** Using Compiler 'V5.06 update 6 (build 750)', folder: 'E:\Keil_v5\ARM\ARMCC\Bin'
Build target '立创EDA&涂鸦智能'
compiling bsp_key.c...
..\..\User\include.h(15): warning:  #1-D: last line of file ends without a newline
  #endif
..\..\User\Key\bsp_key.c(30): warning:  #188-D: enumerated type mixed with another type
  	RCC_APB2PeriphClockCmd(KEY1_GPIO_CLK|KEY2_GPIO_CLK|KEY3_GPIO_CLK|KEY4_GPIO_CLK,ENABLE);
..\..\User\Key\bsp_key.c(186): warning:  #188-D: enumerated type mixed with another type
  					TIM_ITConfig(BASIC_TIM,TIM_IT_Update,ENABLE);
..\..\User\Key\bsp_key.c(190): warning:  #188-D: enumerated type mixed with another type
  					TIM_ITConfig(BASIC_TIM,TIM_IT_Update,DISABLE);
..\..\User\Key\bsp_key.c: 4 warnings, 0 errors
linking...
Program Size: Code=17150 RO-data=2414 RW-data=1528 ZI-data=1240  
FromELF: creating hex file...
"..\..\Output\Template.axf" - 0 Error(s), 4 Warning(s).

<h2>Software Packages used:</h2>

Package Vendor: Keil
                http://www.keil.com/pack/Keil.STM32F1xx_DFP.2.3.0.pack
                Keil.STM32F1xx_DFP.2.3.0
                STMicroelectronics STM32F1 Series Device Support, Drivers and Examples

<h2>Collection of Component include folders:</h2>
  .\RTE\_____EDA_________
  E:\Arm\Packs\Keil\STM32F1xx_DFP\2.3.0\Device\Include

<h2>Collection of Component Files used:</h2>
Build Time Elapsed:  00:00:02
</pre>
</body>
</html>
